<html><head><link href="/storage/952ee985ef/fonts.css" rel="stylesheet" type="text/css"></head></html>
